SQL> 
SQL> @suppression_contraintes.sql
SQL> REM Suppression des sequences
SQL> 
SQL> DROP SEQUENCE JEU_SEQ;

Sequence JEU_SEQ supprimé(e).

SQL> DROP SEQUENCE CONTENU_SEQ;

Sequence CONTENU_SEQ supprimé(e).

SQL> DROP SEQUENCE SUCCES_SEQ;

Sequence SUCCES_SEQ supprimé(e).

SQL> DROP SEQUENCE PERIODE_SEQ;

Sequence PERIODE_SEQ supprimé(e).

SQL> DROP SEQUENCE JOUEUR_SEQ;

Sequence JOUEUR_SEQ supprimé(e).

SQL> DROP SEQUENCE SUIVI_AMITIE_SEQ;

Sequence SUIVI_AMITIE_SEQ supprimé(e).

SQL> DROP SEQUENCE SUIVI_RESEAU_SEQ;

Sequence SUIVI_RESEAU_SEQ supprimé(e).

SQL> 
SQL> REM SUPPRESSION CHAMPS UNIQUE
SQL> 
SQL> ALTER TABLE JOUEUR DROP CONSTRAINT JOUEUR_UNIQUE;

Table JOUEUR modifié(e).

SQL> 
SQL> REM SUPPRESSION DES CONTRAINTES
SQL> 
SQL> ALTER TABLE CONTENU DROP CONSTRAINT CHECK_CONTENU_TYPE;

Table CONTENU modifié(e).

SQL> ALTER TABLE JOUEUR DROP CONSTRAINT CHECK_JOUEUR_ACTIF;

Table JOUEUR modifié(e).

SQL> ALTER TABLE RESEAU DROP CONSTRAINT CHECK_RESEAU_ACTIF;

Table RESEAU modifié(e).

SQL> ALTER TABLE SUIVI_RESEAU DROP CONSTRAINT CHECK_SUIVI_RESEAU_ACTION;

Table SUIVI_RESEAU modifié(e).

SQL> ALTER TABLE SUCCES DROP CONSTRAINT CHECK_SUCCES_VALEUR;

Table SUCCES modifié(e).

SQL> ALTER TABLE SUCCES_CALCULE DROP CONSTRAINT CHECK_SUCCES_C_MAX_REQUIS;

Table SUCCES_CALCULE modifié(e).

SQL> ALTER TABLE SUCCES_EN_COURS DROP CONSTRAINT CHECK_SUCCES_EN_COURS_COMPTEUR;

Table SUCCES_EN_COURS modifié(e).

SQL> ALTER TABLE PERIODE DROP CONSTRAINT CHECK_PERIODE_PRIX;

Table PERIODE modifié(e).

SQL> 
SQL> REM SUPPRESSION CLÉS ÉTRANGERES
SQL> 
SQL> ALTER TABLE GENRE DROP CONSTRAINT GENRE_FK;

Table GENRE modifié(e).

SQL> ALTER TABLE SOUS_GENRE_JEU DROP CONSTRAINT SOUS_GENRE_JEU_SOUS_GENRE_FK;

Table SOUS_GENRE_JEU modifié(e).

SQL> ALTER TABLE SOUS_GENRE_JEU DROP	CONSTRAINT SOUS_GENRE_JEU_ID_JEU_FK;

Table SOUS_GENRE_JEU modifié(e).

SQL> ALTER TABLE JEU DROP CONSTRAINT JEU_CODE_ESRB_FK;

Table JEU modifié(e).

SQL> ALTER TABLE JEU DROP CONSTRAINT JEU_CODE_GENRE_FK;

Table JEU modifié(e).

SQL> ALTER TABLE CONTENU DROP CONSTRAINT CONTENU_FK;

Table CONTENU modifié(e).

SQL> ALTER TABLE CONTENU_POSSEDE DROP CONSTRAINT CONTENU_POSSEDE_ID_CONTENU_FK;

Table CONTENU_POSSEDE modifié(e).

SQL> ALTER TABLE CONTENU_POSSEDE DROP CONSTRAINT CONTENU_POSSEDE_NO_JOUEUR_FK;

Table CONTENU_POSSEDE modifié(e).

SQL> ALTER TABLE SUCCES DROP CONSTRAINT SUCCES_FK;

Table SUCCES modifié(e).

SQL> ALTER TABLE SUCCES_CALCULE DROP CONSTRAINT SUCCES_CALCULE_FK;

Table SUCCES_CALCULE modifié(e).

SQL> ALTER TABLE SUCCES_REALISE DROP CONSTRAINT SUCCES_REALISE_CONTENU_FK;

Table SUCCES_REALISE modifié(e).

SQL> ALTER TABLE SUCCES_REALISE DROP CONSTRAINT SUCCES_REALISE_ID_SUCCES_FK;

Table SUCCES_REALISE modifié(e).

SQL> ALTER TABLE SUCCES_EN_COURS DROP CONSTRAINT SUCCES_EN_COURS_CONTENU_FK;

Table SUCCES_EN_COURS modifié(e).

SQL> ALTER TABLE SUCCES_EN_COURS DROP CONSTRAINT SUCCES_EN_COURS_ID_SUCCES_FK;

Table SUCCES_EN_COURS modifié(e).

SQL> ALTER TABLE PERIODE DROP CONSTRAINT PERIODE_FK;

Table PERIODE modifié(e).

SQL> ALTER TABLE PERIODE_FORFAIT_JOUEUR DROP CONSTRAINT PERIODE_FORF_J_ID_PERIODE_FK;

Table PERIODE_FORFAIT_JOUEUR modifié(e).

SQL> ALTER TABLE PERIODE_FORFAIT_JOUEUR DROP CONSTRAINT PERIODE_FORF_J_NO_JOUEUR_FK;

Table PERIODE_FORFAIT_JOUEUR modifié(e).

SQL> ALTER TABLE ABONNEMENT_RESEAU DROP CONSTRAINT ABONNEMENT_CODE_RESEAU_FK;

Table ABONNEMENT_RESEAU modifié(e).

SQL> ALTER TABLE ABONNEMENT_RESEAU DROP CONSTRAINT ABONNEMENT_NO_JOUEUR_FK;

Table ABONNEMENT_RESEAU modifié(e).

SQL> ALTER TABLE SUIVI_RESEAU DROP CONSTRAINT SUIVI_RESEAU_CODE_RESEAU_FK;

Table SUIVI_RESEAU modifié(e).

SQL> ALTER TABLE SUIVI_RESEAU DROP CONSTRAINT SUIVI_RESEAU_NO_JOUEUR_FK;

Table SUIVI_RESEAU modifié(e).

SQL> ALTER TABLE AMI DROP CONSTRAINT AMI_NO_JOUEUR_INVITANT_FK;

Table AMI modifié(e).

SQL> ALTER TABLE AMI DROP CONSTRAINT AMI_NO_JOUEUR_INVITE_FK;

Table AMI modifié(e).

SQL> ALTER TABLE AMI DROP CONSTRAINT AMI_CODE_STATUT_FK;

Table AMI modifié(e).

SQL> ALTER TABLE SUIVI_AMITIE DROP CONSTRAINT SUIVI_AMI_NO_J_INVITANT_FK;

Table SUIVI_AMITIE modifié(e).

SQL> ALTER TABLE SUIVI_AMITIE DROP CONSTRAINT SUIVI_AMI_NO_J_INVITE_FK;

Table SUIVI_AMITIE modifié(e).

SQL> ALTER TABLE SUIVI_AMITIE DROP CONSTRAINT SUIVI_AMITIE_CODE_STATUT_FK;

Table SUIVI_AMITIE modifié(e).

SQL> 
SQL> 
SQL> REM SUPPRESSION CLÉS PRIMAIRES
SQL> 
SQL> ALTER TABLE JOUEUR DROP CONSTRAINT JOUEUR_PK;

Table JOUEUR modifié(e).

SQL> ALTER TABLE ESRB DROP CONSTRAINT ESRB_PK;

Table ESRB modifié(e).

SQL> ALTER TABLE GENRE DROP CONSTRAINT GENRE_PK;

Table GENRE modifié(e).

SQL> ALTER TABLE SOUS_GENRE_JEU DROP CONSTRAINT SOUS_GENRE_JEU_PK;

Table SOUS_GENRE_JEU modifié(e).

SQL> ALTER TABLE JEU DROP CONSTRAINT JEU_PK;

Table JEU modifié(e).

SQL> ALTER TABLE CONTENU DROP CONSTRAINT CONTENU_PK;

Table CONTENU modifié(e).

SQL> ALTER TABLE CONTENU_POSSEDE DROP CONSTRAINT CONTENU_POSSEDE_PK;

Table CONTENU_POSSEDE modifié(e).

SQL> ALTER TABLE SUCCES DROP CONSTRAINT SUCCES_PK;

Table SUCCES modifié(e).

SQL> ALTER TABLE SUCCES_CALCULE DROP CONSTRAINT SUCCES_CALCULE_PK;

Table SUCCES_CALCULE modifié(e).

SQL> ALTER TABLE SUCCES_REALISE DROP CONSTRAINT SUCCES_REALISE_PK;

Table SUCCES_REALISE modifié(e).

SQL> ALTER TABLE SUCCES_EN_COURS DROP CONSTRAINT SUCCES_EN_COURS_PK;

Table SUCCES_EN_COURS modifié(e).

SQL> ALTER TABLE FORFAIT DROP CONSTRAINT FORFAIT_PK;

Table FORFAIT modifié(e).

SQL> ALTER TABLE PERIODE DROP CONSTRAINT PERIODE_PK;

Table PERIODE modifié(e).

SQL> ALTER TABLE PERIODE_FORFAIT_JOUEUR DROP CONSTRAINT PERIODE_FORFAIT_JOUEUR_PK;

Table PERIODE_FORFAIT_JOUEUR modifié(e).

SQL> ALTER TABLE RESEAU DROP CONSTRAINT RESEAU_PK;

Table RESEAU modifié(e).

SQL> ALTER TABLE ABONNEMENT_RESEAU DROP CONSTRAINT ABONNEMENT_RESEAU_PK;

Table ABONNEMENT_RESEAU modifié(e).

SQL> ALTER TABLE SUIVI_RESEAU DROP CONSTRAINT SUIVI_RESEAU_PK;

Table SUIVI_RESEAU modifié(e).

SQL> ALTER TABLE AMI DROP CONSTRAINT AMI_PK;

Table AMI modifié(e).

SQL> ALTER TABLE STATUT_AMITIE DROP CONSTRAINT STATUT_AMITIE_PK;

Table STATUT_AMITIE modifié(e).

SQL> ALTER TABLE SUIVI_AMITIE DROP CONSTRAINT SUIVI_AMITIE_PK;

Table SUIVI_AMITIE modifié(e).

SQL> @suppression_scripts.sql
SQL> REM CREATION DES SCRIPTS
SQL> 
SQL> @scripts/suppression_declencheurs.sql
SQL> REM SUPPRESSION DES TRIGGERS
SQL> 
SQL> REM TRIGGER DES SEQUENCES
SQL> 
SQL> DROP TRIGGER JEU_ID_TRG;

Trigger JEU_ID_TRG supprimé(e).

SQL> DROP TRIGGER CONTENU_ID_TRG;

Trigger CONTENU_ID_TRG supprimé(e).

SQL> DROP TRIGGER SUCCES_ID_TRG;

Trigger SUCCES_ID_TRG supprimé(e).

SQL> DROP TRIGGER PERIODE_ID_TRG;

Trigger PERIODE_ID_TRG supprimé(e).

SQL> DROP TRIGGER JOUEUR_ID_TRG;

Trigger JOUEUR_ID_TRG supprimé(e).

SQL> DROP TRIGGER SUIVI_AMITIE_ID_TRG;

Trigger SUIVI_AMITIE_ID_TRG supprimé(e).

SQL> DROP TRIGGER SUIVI_RESEAU_ID_TRG;

Trigger SUIVI_RESEAU_ID_TRG supprimé(e).

SQL> 
SQL> DROP TRIGGER NOUVEAU_SUCCES_EN_COURS_TRG 
  2  DROP TRIGGER GENRE_TRG
  3  DROP TRIGGER SUIVI_RESEAU_TRG 
  4  DROP TRIGGER SUIVI_ABONNEMENT_RESEAU_TRG 
  5  DROP TRIGGER SUIVI_AMI_TRG 

Erreur commençant à la ligne: 13 Fichier @ C:\Users\utilisateur\Downloads\travail2\SQL_DEPART\scripts\suppression_declencheurs.sql
Dans la commande -
DROP TRIGGER NOUVEAU_SUCCES_EN_COURS_TRG 
DROP TRIGGER GENRE_TRG
DROP TRIGGER SUIVI_RESEAU_TRG 
DROP TRIGGER SUIVI_ABONNEMENT_RESEAU_TRG 
DROP TRIGGER SUIVI_AMI_TRG
Rapport d'erreur -
ORA-00933: la commande SQL ne se termine pas correctement
00933. 00000 -  "SQL command not properly ended"
*Cause:    
*Action:
SQL> @scripts/suppression_procedures.sql
SQL> REM SUPPRESSION DES PROCEDURES
SQL> 
SQL> DROP PROCEDURE ajoutForfait;

Procedure AJOUTFORFAIT supprimé(e).

SQL> DROP PROCEDURE prolongationForfait;

Erreur commençant à la ligne: 4 Fichier @ C:\Users\utilisateur\Downloads\travail2\SQL_DEPART\scripts\suppression_procedures.sql
Dans la commande -
DROP PROCEDURE prolongationForfait
Rapport d'erreur -
ORA-04043: objet PROLONGATIONFORFAIT inexistant
04043. 00000 -  "object %s does not exist"
*Cause:    An object name was specified that was not recognized by the system.
           There are several possible causes:
           - An invalid name for a table, view, sequence, procedure, function,
           package, or package body was entered. Since the system could not
           recognize the invalid name, it responded with the message that the
           named object does not exist.
           - An attempt was made to rename an index or a cluster, or some
           other object that cannot be renamed.
*Action:   Check the spelling of the named object and rerun the code. (Valid
           names of tables, views, functions, etc. can be listed by querying
           the data dictionary.)
SQL> DROP PROCEDURE ajusterPromotion;

Procedure AJUSTERPROMOTION supprimé(e).

SQL> DROP PROCEDURE suppressionJeu;

Procedure SUPPRESSIONJEU supprimé(e).

SQL> @scripts/suppression_fonctions.sql
SQL> REM SUPPRESSION DES FONCTIONS
SQL> 
SQL> DROP FUNCTION succesPlusRealise;

Erreur commençant à la ligne: 3 Fichier @ C:\Users\utilisateur\Downloads\travail2\SQL_DEPART\scripts\suppression_fonctions.sql
Dans la commande -
DROP FUNCTION succesPlusRealise
Rapport d'erreur -
ORA-04043: objet SUCCESPLUSREALISE inexistant
04043. 00000 -  "object %s does not exist"
*Cause:    An object name was specified that was not recognized by the system.
           There are several possible causes:
           - An invalid name for a table, view, sequence, procedure, function,
           package, or package body was entered. Since the system could not
           recognize the invalid name, it responded with the message that the
           named object does not exist.
           - An attempt was made to rename an index or a cluster, or some
           other object that cannot be renamed.
*Action:   Check the spelling of the named object and rerun the code. (Valid
           names of tables, views, functions, etc. can be listed by querying
           the data dictionary.)
SQL> DROP FUNCTION validerGenre 
  2  DROP FUNCTION joueurLePlusPopulaire;

Erreur commençant à la ligne: 4 Fichier @ C:\Users\utilisateur\Downloads\travail2\SQL_DEPART\scripts\suppression_fonctions.sql
Dans la commande -
DROP FUNCTION validerGenre 
DROP FUNCTION joueurLePlusPopulaire
Rapport d'erreur -
ORA-00933: la commande SQL ne se termine pas correctement
00933. 00000 -  "SQL command not properly ended"
*Cause:    
*Action:
SQL> DROP FUNCTION jeuLePlusPopulaire;

Erreur commençant à la ligne: 6 Fichier @ C:\Users\utilisateur\Downloads\travail2\SQL_DEPART\scripts\suppression_fonctions.sql
Dans la commande -
DROP FUNCTION jeuLePlusPopulaire
Rapport d'erreur -
ORA-04043: objet JEULEPLUSPOPULAIRE inexistant
04043. 00000 -  "object %s does not exist"
*Cause:    An object name was specified that was not recognized by the system.
           There are several possible causes:
           - An invalid name for a table, view, sequence, procedure, function,
           package, or package body was entered. Since the system could not
           recognize the invalid name, it responded with the message that the
           named object does not exist.
           - An attempt was made to rename an index or a cluster, or some
           other object that cannot be renamed.
*Action:   Check the spelling of the named object and rerun the code. (Valid
           names of tables, views, functions, etc. can be listed by querying
           the data dictionary.)
SQL> @scripts/suppression_vues.sql
SQL> REM SUPPRESSION DES VUES
SQL> 
SQL> DROP VIEW mesSucces;

Erreur commençant à la ligne: 3 Fichier @ C:\Users\utilisateur\Downloads\travail2\SQL_DEPART\scripts\suppression_vues.sql
Dans la commande -
DROP VIEW mesSucces
Rapport d'erreur -
ORA-00942: Table ou vue inexistante
00942. 00000 -  "table or view does not exist"
*Cause:    
*Action:
SQL> DROP VIEW suiviReseau;

Erreur commençant à la ligne: 4 Fichier @ C:\Users\utilisateur\Downloads\travail2\SQL_DEPART\scripts\suppression_vues.sql
Dans la commande -
DROP VIEW suiviReseau
Rapport d'erreur -
ORA-00942: Table ou vue inexistante
00942. 00000 -  "table or view does not exist"
*Cause:    
*Action:
SQL> DROP VIEW suiviReseauJoueur;

Erreur commençant à la ligne: 5 Fichier @ C:\Users\utilisateur\Downloads\travail2\SQL_DEPART\scripts\suppression_vues.sql
Dans la commande -
DROP VIEW suiviReseauJoueur
Rapport d'erreur -
ORA-00942: Table ou vue inexistante
00942. 00000 -  "table or view does not exist"
*Cause:    
*Action:
SQL> DROP VIEW suiviAmitie;

Erreur commençant à la ligne: 6 Fichier @ C:\Users\utilisateur\Downloads\travail2\SQL_DEPART\scripts\suppression_vues.sql
Dans la commande -
DROP VIEW suiviAmitie
Rapport d'erreur -
ORA-00942: Table ou vue inexistante
00942. 00000 -  "table or view does not exist"
*Cause:    
*Action:
SQL> @suppression_donnees.sql
SQL> REM SUPPRESSION DES DONNÉES
SQL> 
SQL> DELETE FROM SUIVI_AMITIE;

7 lignes supprimé.

SQL> DELETE FROM STATUT_AMITIE;

4 lignes supprimé.

SQL> DELETE FROM AMI;

Erreur commençant à la ligne: 5 Fichier @ C:\Users\utilisateur\Downloads\travail2\SQL_DEPART\suppression_donnees.sql
Dans la commande -
DELETE FROM AMI
Rapport d'erreur -
ORA-01400: impossible d'insérer NULL dans ("TRD157_2020_10"."SUIVI_AMITIE"."IDSUIVI")
ORA-06512: à "TRD157_2020_10.SUIVI_AMI_TRG", ligne 14
ORA-04088: erreur lors d'exécution du déclencheur 'TRD157_2020_10.SUIVI_AMI_TRG'

SQL> DELETE FROM SUCCES_REALISE;

5 lignes supprimé.

SQL> DELETE FROM SUCCES_EN_COURS;

1 ligne supprimé.

SQL> DELETE FROM SUCCES_CALCULE;

1 ligne supprimé.

SQL> DELETE FROM SUCCES;

8 lignes supprimé.

SQL> DELETE FROM CONTENU_POSSEDE;

10 lignes supprimé.

SQL> DELETE FROM CONTENU;

5 lignes supprimé.

SQL> DELETE FROM PERIODE_FORFAIT_JOUEUR;

6 lignes supprimé.

SQL> DELETE FROM PERIODE;

4 lignes supprimé.

SQL> DELETE FROM FORFAIT;

3 lignes supprimé.

SQL> DELETE FROM SUIVI_RESEAU;

3 lignes supprimé.

SQL> DELETE FROM ABONNEMENT_RESEAU;

7 lignes supprimé.

SQL> DELETE FROM RESEAU;

3 lignes supprimé.

SQL> DELETE FROM SOUS_GENRE_JEU;

2 lignes supprimé.

SQL> DELETE FROM JOUEUR;

6 lignes supprimé.

SQL> DELETE FROM JEU;

2 lignes supprimé.

SQL> DELETE FROM GENRE;

7 lignes supprimé.

SQL> DELETE FROM ESRB;

5 lignes supprimé.

SQL> @suppression_tables.sql
SQL> REM SUPPRESSION DES TABLES
SQL> 
SQL> DROP TABLE JOUEUR;

Table JOUEUR supprimé(e).

SQL> DROP TABLE ESRB;

Table ESRB supprimé(e).

SQL> DROP TABLE GENRE;

Table GENRE supprimé(e).

SQL> DROP TABLE SOUS_GENRE_JEU;

Table SOUS_GENRE_JEU supprimé(e).

SQL> DROP TABLE JEU;

Table JEU supprimé(e).

SQL> DROP TABLE CONTENU;

Table CONTENU supprimé(e).

SQL> DROP TABLE CONTENU_POSSEDE;

Table CONTENU_POSSEDE supprimé(e).

SQL> DROP TABLE SUCCES;

Table SUCCES supprimé(e).

SQL> DROP TABLE SUCCES_CALCULE;

Table SUCCES_CALCULE supprimé(e).

SQL> DROP TABLE SUCCES_REALISE;

Table SUCCES_REALISE supprimé(e).

SQL> DROP TABLE SUCCES_EN_COURS;

Table SUCCES_EN_COURS supprimé(e).

SQL> DROP TABLE FORFAIT;

Table FORFAIT supprimé(e).

SQL> DROP TABLE PERIODE;

Table PERIODE supprimé(e).

SQL> DROP TABLE PERIODE_FORFAIT_JOUEUR;

Table PERIODE_FORFAIT_JOUEUR supprimé(e).

SQL> DROP TABLE RESEAU;

Table RESEAU supprimé(e).

SQL> DROP TABLE ABONNEMENT_RESEAU;

Table ABONNEMENT_RESEAU supprimé(e).

SQL> DROP TABLE SUIVI_RESEAU;

Table SUIVI_RESEAU supprimé(e).

SQL> DROP TABLE AMI;

Table AMI supprimé(e).

SQL> DROP TABLE STATUT_AMITIE;

Table STATUT_AMITIE supprimé(e).

SQL> DROP TABLE SUIVI_AMITIE;

Table SUIVI_AMITIE supprimé(e).

SQL> 
SQL> spool off
